
[Test_index - 1]
This is the home page

---

[Test_other - 1]
This is another page

---

[Test_styleCSS - 1]
body {
    margin: 40px auto;
    max-width: 650px;
    line-height: 1.4;
    font-size: 18px;
    color: #444;
    background-color: #EEE;
    padding: 0 10px;
}

h1,h2,h3,h4,h5,h6 {
    line-height: 1.2
}

---

[Test_subdir - 1]
This is in a subdirectory

---
